2024-10-29 17:12 -03:00: Banco de Dados: avnadmin
2024-10-29 17:12 -03:00: (node:688295) [DEP0060] DeprecationWarning: The `util._extend` API is deprecated. Please use Object.assign() instead.
2024-10-29 17:12 -03:00: (Use `node --trace-deprecation ...` to show where the warning was created)
2024-10-29 17:12 -03:00: Servidor Rodando...
2024-10-29 17:12 -03:00: Conectado ao MySQL...
2024-10-29 17:12 -03:00: 
2024-10-29 17:12 -03:00: Banco de Dados: avnadmin
2024-10-29 17:12 -03:00: (node:688423) [DEP0060] DeprecationWarning: The `util._extend` API is deprecated. Please use Object.assign() instead.
2024-10-29 17:12 -03:00: (Use `node --trace-deprecation ...` to show where the warning was created)
2024-10-29 17:12 -03:00: Servidor Rodando...
2024-10-29 17:12 -03:00: Conectado ao MySQL...
2024-10-29 17:12 -03:00: 
2024-10-29 17:19 -03:00: Banco de Dados: avnadmin
2024-10-29 17:19 -03:00: (node:693188) [DEP0060] DeprecationWarning: The `util._extend` API is deprecated. Please use Object.assign() instead.
2024-10-29 17:19 -03:00: (Use `node --trace-deprecation ...` to show where the warning was created)
2024-10-29 17:19 -03:00: Servidor Rodando...
2024-10-29 17:19 -03:00: Conectado ao MySQL...
2024-10-29 17:19 -03:00: 
2024-10-29 17:23 -03:00: Banco de Dados: LocalHost
2024-10-29 17:23 -03:00: (node:695262) [DEP0060] DeprecationWarning: The `util._extend` API is deprecated. Please use Object.assign() instead.
2024-10-29 17:23 -03:00: (Use `node --trace-deprecation ...` to show where the warning was created)
2024-10-29 17:23 -03:00: Servidor Rodando...
2024-10-29 17:23 -03:00: Conectado ao MySQL...
2024-10-29 17:23 -03:00: 
2024-10-29 17:25 -03:00: (node:695262) [DEP0044] DeprecationWarning: The `util.isArray` API is deprecated. Please use `Array.isArray()` instead.
2024-10-29 20:33 -03:00: Banco de Dados: LocalHost
2024-10-29 20:33 -03:00: (node:812538) [DEP0060] DeprecationWarning: The `util._extend` API is deprecated. Please use Object.assign() instead.
2024-10-29 20:33 -03:00: (Use `node --trace-deprecation ...` to show where the warning was created)
2024-10-29 20:33 -03:00: Servidor Rodando...
2024-10-29 20:33 -03:00: Conectado ao MySQL...
2024-10-29 20:33 -03:00: 
2024-10-29 20:36 -03:00: Banco de Dados: LocalHost
2024-10-29 20:36 -03:00: (node:814097) [DEP0060] DeprecationWarning: The `util._extend` API is deprecated. Please use Object.assign() instead.
2024-10-29 20:36 -03:00: (Use `node --trace-deprecation ...` to show where the warning was created)
2024-10-29 20:36 -03:00: Servidor Rodando...
2024-10-29 20:36 -03:00: Conectado ao MySQL...
2024-10-29 20:36 -03:00: 
2024-10-29 20:39 -03:00: Banco de Dados: LocalHost
2024-10-29 20:39 -03:00: (node:815884) [DEP0060] DeprecationWarning: The `util._extend` API is deprecated. Please use Object.assign() instead.
2024-10-29 20:39 -03:00: (Use `node --trace-deprecation ...` to show where the warning was created)
2024-10-29 20:39 -03:00: Servidor Rodando...
2024-10-29 20:39 -03:00: Conectado ao MySQL...
2024-10-29 20:39 -03:00: 
2024-10-29 20:40 -03:00: Banco de Dados: LocalHost
2024-10-29 20:40 -03:00: (node:816767) [DEP0060] DeprecationWarning: The `util._extend` API is deprecated. Please use Object.assign() instead.
2024-10-29 20:40 -03:00: (Use `node --trace-deprecation ...` to show where the warning was created)
2024-10-29 20:40 -03:00: Servidor Rodando...
2024-10-29 20:40 -03:00: Conectado ao MySQL...
2024-10-29 20:40 -03:00: 
2024-10-29 20:41 -03:00: Banco de Dados: LocalHost
2024-10-29 20:41 -03:00: (node:817413) [DEP0060] DeprecationWarning: The `util._extend` API is deprecated. Please use Object.assign() instead.
2024-10-29 20:41 -03:00: (Use `node --trace-deprecation ...` to show where the warning was created)
2024-10-29 20:41 -03:00: Servidor Rodando...
2024-10-29 20:41 -03:00: Conectado ao MySQL...
2024-10-29 20:41 -03:00: 
2024-10-29 20:42 -03:00: Banco de Dados: LocalHost
2024-10-29 20:42 -03:00: (node:818127) [DEP0060] DeprecationWarning: The `util._extend` API is deprecated. Please use Object.assign() instead.
2024-10-29 20:42 -03:00: (Use `node --trace-deprecation ...` to show where the warning was created)
2024-10-29 20:42 -03:00: Servidor Rodando...
2024-10-29 20:42 -03:00: Conectado ao MySQL...
2024-10-29 20:42 -03:00: 
2024-10-29 20:43 -03:00: Banco de Dados: LocalHost
2024-10-29 20:43 -03:00: (node:818864) [DEP0060] DeprecationWarning: The `util._extend` API is deprecated. Please use Object.assign() instead.
2024-10-29 20:43 -03:00: (Use `node --trace-deprecation ...` to show where the warning was created)
2024-10-29 20:43 -03:00: Servidor Rodando...
2024-10-29 20:43 -03:00: Conectado ao MySQL...
2024-10-29 20:43 -03:00: 
2024-10-29 20:44 -03:00: Banco de Dados: LocalHost
2024-10-29 20:44 -03:00: (node:819542) [DEP0060] DeprecationWarning: The `util._extend` API is deprecated. Please use Object.assign() instead.
2024-10-29 20:44 -03:00: (Use `node --trace-deprecation ...` to show where the warning was created)
2024-10-29 20:44 -03:00: Servidor Rodando...
2024-10-29 20:44 -03:00: Conectado ao MySQL...
2024-10-29 20:44 -03:00: 
2024-10-29 20:45 -03:00: Banco de Dados: LocalHost
2024-10-29 20:45 -03:00: (node:820125) [DEP0060] DeprecationWarning: The `util._extend` API is deprecated. Please use Object.assign() instead.
2024-10-29 20:45 -03:00: (Use `node --trace-deprecation ...` to show where the warning was created)
2024-10-29 20:45 -03:00: Servidor Rodando...
2024-10-29 20:45 -03:00: Conectado ao MySQL...
2024-10-29 20:45 -03:00: 
2024-10-29 20:45 -03:00: Banco de Dados: LocalHost
2024-10-29 20:45 -03:00: (node:820538) [DEP0060] DeprecationWarning: The `util._extend` API is deprecated. Please use Object.assign() instead.
2024-10-29 20:45 -03:00: (Use `node --trace-deprecation ...` to show where the warning was created)
2024-10-29 20:45 -03:00: Servidor Rodando...
2024-10-29 20:45 -03:00: Conectado ao MySQL...
2024-10-29 20:45 -03:00: 
2024-10-29 20:46 -03:00: Banco de Dados: LocalHost
2024-10-29 20:46 -03:00: (node:821014) [DEP0060] DeprecationWarning: The `util._extend` API is deprecated. Please use Object.assign() instead.
2024-10-29 20:46 -03:00: (Use `node --trace-deprecation ...` to show where the warning was created)
2024-10-29 20:46 -03:00: Servidor Rodando...
2024-10-29 20:46 -03:00: Conectado ao MySQL...
2024-10-29 20:46 -03:00: 
2024-10-29 20:47 -03:00: Banco de Dados: LocalHost
2024-10-29 20:47 -03:00: (node:821680) [DEP0060] DeprecationWarning: The `util._extend` API is deprecated. Please use Object.assign() instead.
2024-10-29 20:47 -03:00: (Use `node --trace-deprecation ...` to show where the warning was created)
2024-10-29 20:47 -03:00: Servidor Rodando...
2024-10-29 20:47 -03:00: Conectado ao MySQL...
2024-10-29 20:47 -03:00: 
2024-10-29 20:47 -03:00: Banco de Dados: LocalHost
2024-10-29 20:47 -03:00: (node:822080) [DEP0060] DeprecationWarning: The `util._extend` API is deprecated. Please use Object.assign() instead.
2024-10-29 20:47 -03:00: (Use `node --trace-deprecation ...` to show where the warning was created)
2024-10-29 20:47 -03:00: Servidor Rodando...
2024-10-29 20:47 -03:00: Conectado ao MySQL...
2024-10-29 20:47 -03:00: 
2024-10-29 20:48 -03:00: Banco de Dados: LocalHost
2024-10-29 20:48 -03:00: (node:824715) [DEP0060] DeprecationWarning: The `util._extend` API is deprecated. Please use Object.assign() instead.
2024-10-29 20:48 -03:00: (Use `node --trace-deprecation ...` to show where the warning was created)
2024-10-29 20:48 -03:00: Servidor Rodando...
2024-10-29 20:48 -03:00: Conectado ao MySQL...
2024-10-29 20:48 -03:00: 
2024-10-29 20:48 -03:00: Banco de Dados: LocalHost
2024-10-29 20:48 -03:00: (node:825143) [DEP0060] DeprecationWarning: The `util._extend` API is deprecated. Please use Object.assign() instead.
2024-10-29 20:48 -03:00: (Use `node --trace-deprecation ...` to show where the warning was created)
2024-10-29 20:48 -03:00: Servidor Rodando...
2024-10-29 20:48 -03:00: Conectado ao MySQL...
2024-10-29 20:48 -03:00: 
2024-10-29 20:48 -03:00: Banco de Dados: LocalHost
2024-10-29 20:48 -03:00: (node:825888) [DEP0060] DeprecationWarning: The `util._extend` API is deprecated. Please use Object.assign() instead.
2024-10-29 20:48 -03:00: (Use `node --trace-deprecation ...` to show where the warning was created)
2024-10-29 20:48 -03:00: Servidor Rodando...
2024-10-29 20:48 -03:00: Conectado ao MySQL...
2024-10-29 20:48 -03:00: 
2024-10-29 20:49 -03:00: Banco de Dados: LocalHost
2024-10-29 20:49 -03:00: (node:826787) [DEP0060] DeprecationWarning: The `util._extend` API is deprecated. Please use Object.assign() instead.
2024-10-29 20:49 -03:00: (Use `node --trace-deprecation ...` to show where the warning was created)
2024-10-29 20:49 -03:00: Servidor Rodando...
2024-10-29 20:49 -03:00: Conectado ao MySQL...
2024-10-29 20:49 -03:00: 
2024-10-29 20:49 -03:00: Banco de Dados: LocalHost
2024-10-29 20:49 -03:00: (node:828042) [DEP0060] DeprecationWarning: The `util._extend` API is deprecated. Please use Object.assign() instead.
2024-10-29 20:49 -03:00: (Use `node --trace-deprecation ...` to show where the warning was created)
2024-10-29 20:49 -03:00: Servidor Rodando...
2024-10-29 20:49 -03:00: Conectado ao MySQL...
2024-10-29 20:49 -03:00: 
2024-10-29 20:50 -03:00: Banco de Dados: LocalHost
2024-10-29 20:50 -03:00: (node:829547) [DEP0060] DeprecationWarning: The `util._extend` API is deprecated. Please use Object.assign() instead.
2024-10-29 20:50 -03:00: (Use `node --trace-deprecation ...` to show where the warning was created)
2024-10-29 20:50 -03:00: Servidor Rodando...
2024-10-29 20:50 -03:00: Conectado ao MySQL...
2024-10-29 20:50 -03:00: 
2024-10-29 20:51 -03:00: Banco de Dados: LocalHost
2024-10-29 20:51 -03:00: (node:830180) [DEP0060] DeprecationWarning: The `util._extend` API is deprecated. Please use Object.assign() instead.
2024-10-29 20:51 -03:00: (Use `node --trace-deprecation ...` to show where the warning was created)
2024-10-29 20:51 -03:00: Servidor Rodando...
2024-10-29 20:51 -03:00: Conectado ao MySQL...
2024-10-29 20:51 -03:00: 
2024-10-29 20:51 -03:00: Banco de Dados: LocalHost
2024-10-29 20:51 -03:00: (node:830491) [DEP0060] DeprecationWarning: The `util._extend` API is deprecated. Please use Object.assign() instead.
2024-10-29 20:51 -03:00: (Use `node --trace-deprecation ...` to show where the warning was created)
2024-10-29 20:51 -03:00: Servidor Rodando...
2024-10-29 20:51 -03:00: Conectado ao MySQL...
2024-10-29 20:51 -03:00: 
2024-10-29 20:53 -03:00: (node:830491) [DEP0044] DeprecationWarning: The `util.isArray` API is deprecated. Please use `Array.isArray()` instead.
2024-10-29 20:58 -03:00: Banco de Dados: LocalHost
2024-10-29 20:58 -03:00: (node:837180) [DEP0060] DeprecationWarning: The `util._extend` API is deprecated. Please use Object.assign() instead.
2024-10-29 20:58 -03:00: (Use `node --trace-deprecation ...` to show where the warning was created)
2024-10-29 20:58 -03:00: Servidor Rodando...
2024-10-29 20:58 -03:00: Conectado ao MySQL...
2024-10-29 20:58 -03:00: 
2024-10-29 20:58 -03:00: Banco de Dados: LocalHost
2024-10-29 20:58 -03:00: (node:837679) [DEP0060] DeprecationWarning: The `util._extend` API is deprecated. Please use Object.assign() instead.
2024-10-29 20:58 -03:00: (Use `node --trace-deprecation ...` to show where the warning was created)
2024-10-29 20:58 -03:00: Servidor Rodando...
2024-10-29 20:58 -03:00: Conectado ao MySQL...
2024-10-29 20:58 -03:00: 
2024-10-29 20:59 -03:00: Banco de Dados: LocalHost
2024-10-29 20:59 -03:00: (node:837909) [DEP0060] DeprecationWarning: The `util._extend` API is deprecated. Please use Object.assign() instead.
2024-10-29 20:59 -03:00: (Use `node --trace-deprecation ...` to show where the warning was created)
2024-10-29 20:59 -03:00: Servidor Rodando...
2024-10-29 20:59 -03:00: Conectado ao MySQL...
2024-10-29 20:59 -03:00: 
2024-10-29 20:59 -03:00: Banco de Dados: LocalHost
2024-10-29 20:59 -03:00: (node:838130) [DEP0060] DeprecationWarning: The `util._extend` API is deprecated. Please use Object.assign() instead.
2024-10-29 20:59 -03:00: (Use `node --trace-deprecation ...` to show where the warning was created)
2024-10-29 20:59 -03:00: Servidor Rodando...
2024-10-29 20:59 -03:00: Conectado ao MySQL...
2024-10-29 20:59 -03:00: 
2024-10-29 20:59 -03:00: Banco de Dados: LocalHost
2024-10-29 20:59 -03:00: (node:838383) [DEP0060] DeprecationWarning: The `util._extend` API is deprecated. Please use Object.assign() instead.
2024-10-29 20:59 -03:00: (Use `node --trace-deprecation ...` to show where the warning was created)
2024-10-29 20:59 -03:00: Servidor Rodando...
2024-10-29 20:59 -03:00: Conectado ao MySQL...
2024-10-29 20:59 -03:00: 
2024-10-29 21:00 -03:00: Banco de Dados: LocalHost
2024-10-29 21:00 -03:00: (node:838805) [DEP0060] DeprecationWarning: The `util._extend` API is deprecated. Please use Object.assign() instead.
2024-10-29 21:00 -03:00: (Use `node --trace-deprecation ...` to show where the warning was created)
2024-10-29 21:00 -03:00: Servidor Rodando...
2024-10-29 21:00 -03:00: Conectado ao MySQL...
2024-10-29 21:00 -03:00: 
2024-10-29 21:00 -03:00: Banco de Dados: LocalHost
2024-10-29 21:00 -03:00: (node:839120) [DEP0060] DeprecationWarning: The `util._extend` API is deprecated. Please use Object.assign() instead.
2024-10-29 21:00 -03:00: (Use `node --trace-deprecation ...` to show where the warning was created)
2024-10-29 21:00 -03:00: Servidor Rodando...
2024-10-29 21:00 -03:00: Conectado ao MySQL...
2024-10-29 21:00 -03:00: 
2024-10-29 21:01 -03:00: Banco de Dados: LocalHost
2024-10-29 21:01 -03:00: (node:839752) [DEP0060] DeprecationWarning: The `util._extend` API is deprecated. Please use Object.assign() instead.
2024-10-29 21:01 -03:00: (Use `node --trace-deprecation ...` to show where the warning was created)
2024-10-29 21:01 -03:00: Servidor Rodando...
2024-10-29 21:01 -03:00: Conectado ao MySQL...
2024-10-29 21:01 -03:00: 
2024-10-29 21:02 -03:00: Banco de Dados: LocalHost
2024-10-29 21:02 -03:00: (node:840764) [DEP0060] DeprecationWarning: The `util._extend` API is deprecated. Please use Object.assign() instead.
2024-10-29 21:02 -03:00: (Use `node --trace-deprecation ...` to show where the warning was created)
2024-10-29 21:02 -03:00: Servidor Rodando...
2024-10-29 21:02 -03:00: Conectado ao MySQL...
2024-10-29 21:02 -03:00: 
2024-10-29 21:03 -03:00: Banco de Dados: LocalHost
2024-10-29 21:03 -03:00: (node:841203) [DEP0060] DeprecationWarning: The `util._extend` API is deprecated. Please use Object.assign() instead.
2024-10-29 21:03 -03:00: (Use `node --trace-deprecation ...` to show where the warning was created)
2024-10-29 21:03 -03:00: Servidor Rodando...
2024-10-29 21:03 -03:00: Conectado ao MySQL...
2024-10-29 21:03 -03:00: 
2024-10-29 21:09 -03:00: Banco de Dados: LocalHost
2024-10-29 21:09 -03:00: (node:844323) [DEP0060] DeprecationWarning: The `util._extend` API is deprecated. Please use Object.assign() instead.
2024-10-29 21:09 -03:00: (Use `node --trace-deprecation ...` to show where the warning was created)
2024-10-29 21:09 -03:00: Servidor Rodando...
2024-10-29 21:09 -03:00: Conectado ao MySQL...
2024-10-29 21:09 -03:00: 
2024-10-29 21:12 -03:00: Banco de Dados: LocalHost
2024-10-29 21:12 -03:00: (node:845997) [DEP0060] DeprecationWarning: The `util._extend` API is deprecated. Please use Object.assign() instead.
2024-10-29 21:12 -03:00: (Use `node --trace-deprecation ...` to show where the warning was created)
2024-10-29 21:12 -03:00: Servidor Rodando...
2024-10-29 21:12 -03:00: Conectado ao MySQL...
2024-10-29 21:12 -03:00: 
2024-10-29 21:12 -03:00: Banco de Dados: LocalHost
2024-10-29 21:12 -03:00: (node:846162) [DEP0060] DeprecationWarning: The `util._extend` API is deprecated. Please use Object.assign() instead.
2024-10-29 21:12 -03:00: (Use `node --trace-deprecation ...` to show where the warning was created)
2024-10-29 21:12 -03:00: Servidor Rodando...
2024-10-29 21:12 -03:00: Conectado ao MySQL...
2024-10-29 21:12 -03:00: 
2024-10-29 21:15 -03:00: Banco de Dados: LocalHost
2024-10-29 21:15 -03:00: (node:847147) [DEP0060] DeprecationWarning: The `util._extend` API is deprecated. Please use Object.assign() instead.
2024-10-29 21:15 -03:00: (Use `node --trace-deprecation ...` to show where the warning was created)
2024-10-29 21:15 -03:00: Servidor Rodando...
2024-10-29 21:15 -03:00: Conectado ao MySQL...
2024-10-29 21:15 -03:00: 
2024-10-29 21:15 -03:00: Banco de Dados: LocalHost
2024-10-29 21:15 -03:00: (node:847607) [DEP0060] DeprecationWarning: The `util._extend` API is deprecated. Please use Object.assign() instead.
2024-10-29 21:15 -03:00: (Use `node --trace-deprecation ...` to show where the warning was created)
2024-10-29 21:15 -03:00: Servidor Rodando...
2024-10-29 21:15 -03:00: Conectado ao MySQL...
2024-10-29 21:15 -03:00: 
2024-10-29 21:15 -03:00: Banco de Dados: LocalHost
2024-10-29 21:15 -03:00: (node:847692) [DEP0060] DeprecationWarning: The `util._extend` API is deprecated. Please use Object.assign() instead.
2024-10-29 21:15 -03:00: (Use `node --trace-deprecation ...` to show where the warning was created)
2024-10-29 21:15 -03:00: Servidor Rodando...
2024-10-29 21:15 -03:00: Conectado ao MySQL...
2024-10-29 21:15 -03:00: 
2024-10-29 21:18 -03:00: Banco de Dados: LocalHost
2024-10-29 21:18 -03:00: (node:849154) [DEP0060] DeprecationWarning: The `util._extend` API is deprecated. Please use Object.assign() instead.
2024-10-29 21:18 -03:00: (Use `node --trace-deprecation ...` to show where the warning was created)
2024-10-29 21:18 -03:00: Servidor Rodando...
2024-10-29 21:18 -03:00: Conectado ao MySQL...
2024-10-29 21:18 -03:00: 
2024-10-29 21:19 -03:00: Banco de Dados: LocalHost
2024-10-29 21:19 -03:00: (node:850949) [DEP0060] DeprecationWarning: The `util._extend` API is deprecated. Please use Object.assign() instead.
2024-10-29 21:19 -03:00: (Use `node --trace-deprecation ...` to show where the warning was created)
2024-10-29 21:19 -03:00: Servidor Rodando...
2024-10-29 21:19 -03:00: Conectado ao MySQL...
2024-10-29 21:19 -03:00: 
2024-10-29 21:20 -03:00: Banco de Dados: LocalHost
2024-10-29 21:20 -03:00: (node:851067) [DEP0060] DeprecationWarning: The `util._extend` API is deprecated. Please use Object.assign() instead.
2024-10-29 21:20 -03:00: (Use `node --trace-deprecation ...` to show where the warning was created)
2024-10-29 21:20 -03:00: Servidor Rodando...
2024-10-29 21:20 -03:00: Conectado ao MySQL...
2024-10-29 21:20 -03:00: 
2024-10-29 21:20 -03:00: Banco de Dados: LocalHost
2024-10-29 21:20 -03:00: (node:851829) [DEP0060] DeprecationWarning: The `util._extend` API is deprecated. Please use Object.assign() instead.
2024-10-29 21:20 -03:00: (Use `node --trace-deprecation ...` to show where the warning was created)
2024-10-29 21:20 -03:00: Servidor Rodando...
2024-10-29 21:20 -03:00: Conectado ao MySQL...
2024-10-29 21:20 -03:00: 
2024-10-29 21:24 -03:00: Banco de Dados: LocalHost
2024-10-29 21:24 -03:00: (node:854056) [DEP0060] DeprecationWarning: The `util._extend` API is deprecated. Please use Object.assign() instead.
2024-10-29 21:24 -03:00: (Use `node --trace-deprecation ...` to show where the warning was created)
2024-10-29 21:24 -03:00: Servidor Rodando...
2024-10-29 21:24 -03:00: Conectado ao MySQL...
2024-10-29 21:24 -03:00: 
2024-10-29 21:26 -03:00: Banco de Dados: LocalHost
2024-10-29 21:26 -03:00: (node:855264) [DEP0060] DeprecationWarning: The `util._extend` API is deprecated. Please use Object.assign() instead.
2024-10-29 21:26 -03:00: (Use `node --trace-deprecation ...` to show where the warning was created)
2024-10-29 21:26 -03:00: Servidor Rodando...
2024-10-29 21:26 -03:00: Conectado ao MySQL...
2024-10-29 21:26 -03:00: 
2024-10-29 21:26 -03:00: Banco de Dados: LocalHost
2024-10-29 21:26 -03:00: (node:855408) [DEP0060] DeprecationWarning: The `util._extend` API is deprecated. Please use Object.assign() instead.
2024-10-29 21:26 -03:00: (Use `node --trace-deprecation ...` to show where the warning was created)
2024-10-29 21:26 -03:00: Servidor Rodando...
2024-10-29 21:26 -03:00: Conectado ao MySQL...
2024-10-29 21:26 -03:00: 
2024-10-29 21:28 -03:00: Banco de Dados: LocalHost
2024-10-29 21:28 -03:00: (node:856499) [DEP0060] DeprecationWarning: The `util._extend` API is deprecated. Please use Object.assign() instead.
2024-10-29 21:28 -03:00: (Use `node --trace-deprecation ...` to show where the warning was created)
2024-10-29 21:28 -03:00: Servidor Rodando...
2024-10-29 21:28 -03:00: Conectado ao MySQL...
2024-10-29 21:28 -03:00: 
2024-10-29 21:29 -03:00: Banco de Dados: LocalHost
2024-10-29 21:29 -03:00: (node:857055) [DEP0060] DeprecationWarning: The `util._extend` API is deprecated. Please use Object.assign() instead.
2024-10-29 21:29 -03:00: (Use `node --trace-deprecation ...` to show where the warning was created)
2024-10-29 21:29 -03:00: Servidor Rodando...
2024-10-29 21:29 -03:00: Conectado ao MySQL...
2024-10-29 21:29 -03:00: 
2024-10-29 21:36 -03:00: (node:857055) [DEP0044] DeprecationWarning: The `util.isArray` API is deprecated. Please use `Array.isArray()` instead.
2024-10-29 23:54 -03:00: ReferenceError: totalvendas is not defined
2024-10-29 23:54 -03:00:     at Query.onResult (/home/gesta4693/applications/gestao_estoque/routes/relatorio.js:121:25)
2024-10-29 23:54 -03:00:     at /home/gesta4693/nodevenv/gestao_estoque/lib/node_modules/mysql2/lib/commands/query.js:86:16
2024-10-29 23:54 -03:00:     at process.processTicksAndRejections (node:internal/process/task_queues:77:11)
2024-10-29 23:54 -03:00: Banco de Dados: LocalHost
2024-10-29 23:54 -03:00: (node:952935) [DEP0060] DeprecationWarning: The `util._extend` API is deprecated. Please use Object.assign() instead.
2024-10-29 23:54 -03:00: (Use `node --trace-deprecation ...` to show where the warning was created)
2024-10-29 23:54 -03:00: Servidor Rodando...
2024-10-29 23:54 -03:00: Conectado ao MySQL...
2024-10-29 23:54 -03:00: 
2024-10-29 23:55 -03:00: ReferenceError: totalcompras is not defined
2024-10-29 23:55 -03:00:     at /home/gesta4693/applications/gestao_estoque/routes/relatorio.js:115:21
2024-10-29 23:55 -03:00:     at Array.forEach (<anonymous>)
2024-10-29 23:55 -03:00:     at Query.onResult (/home/gesta4693/applications/gestao_estoque/routes/relatorio.js:102:30)
2024-10-29 23:55 -03:00:     at /home/gesta4693/nodevenv/gestao_estoque/lib/node_modules/mysql2/lib/commands/query.js:86:16
2024-10-29 23:55 -03:00:     at process.processTicksAndRejections (node:internal/process/task_queues:77:11)
2024-10-29 23:55 -03:00: Banco de Dados: LocalHost
2024-10-29 23:55 -03:00: (node:953089) [DEP0060] DeprecationWarning: The `util._extend` API is deprecated. Please use Object.assign() instead.
2024-10-29 23:55 -03:00: (Use `node --trace-deprecation ...` to show where the warning was created)
2024-10-29 23:55 -03:00: Servidor Rodando...
2024-10-29 23:55 -03:00: Conectado ao MySQL...
2024-10-29 23:55 -03:00: 
2024-10-30 00:01 -03:00: (node:953089) [DEP0044] DeprecationWarning: The `util.isArray` API is deprecated. Please use `Array.isArray()` instead.
